// Jest Snapshot v1, https://goo.gl/fbAQLP

exports[`renders 1`] = `
<div
  className="Card"
>
  <button
    type="button"
  >
    delete
  </button>
  <h3
    className="Card-title"
  />
  <p
    className="Card-content"
  />
</div>
`;
